
> my-project@0.1.0 dev
> next dev

▲ Next.js 16.2.6 (Turbopack)
- Local:         http://localhost:3000
- Network:       http://26.251.22.85:3000
- Environments: .env.local
✓ Ready in 1424ms

 GET / 200 in 3.4s (next.js: 2.9s, application-code: 529ms)
 GET / 200 in 92ms (next.js: 7ms, application-code: 85ms)
 GET / 200 in 78ms (next.js: 6ms, application-code: 72ms)
 GET / 200 in 70ms (next.js: 12ms, application-code: 58ms)
 GET / 200 in 79ms (next.js: 8ms, application-code: 72ms)
 GET / 200 in 62ms (next.js: 7ms, application-code: 55ms)
 GET / 200 in 81ms (next.js: 7ms, application-code: 74ms)
 GET / 200 in 75ms (next.js: 7ms, application-code: 68ms)
 GET / 200 in 83ms (next.js: 7ms, application-code: 76ms)
 GET / 200 in 71ms (next.js: 7ms, application-code: 64ms)
 GET / 200 in 86ms (next.js: 8ms, application-code: 78ms)
 GET / 200 in 70ms (next.js: 7ms, application-code: 63ms)
 GET / 200 in 72ms (next.js: 9ms, application-code: 63ms)
 GET / 200 in 67ms (next.js: 6ms, application-code: 62ms)
