[INFO] Scanning for projects...
[INFO] 
[INFO] -----------------------< com.aistudyhub:backend >-----------------------
[INFO] Building AI Study Hub Backend 0.1.0
[INFO]   from pom.xml
[INFO] --------------------------------[ jar ]---------------------------------
[INFO] 
[INFO] >>> spring-boot:3.3.7:run (default-cli) > test-compile @ backend >>>
[INFO] 
[INFO] --- resources:3.3.1:resources (default-resources) @ backend ---
[INFO] Copying 1 resource from src\main\resources to target\classes
[INFO] Copying 0 resource from src\main\resources to target\classes
[INFO] 
[INFO] --- compiler:3.13.0:compile (default-compile) @ backend ---
[INFO] Nothing to compile - all classes are up to date.
[INFO] 
[INFO] --- resources:3.3.1:testResources (default-testResources) @ backend ---
[INFO] skip non existing resourceDirectory C:\Users\ADMIN\Documents\SWP391\AI study hub\latest-main\backend\src\test\resources
[INFO] 
[INFO] --- compiler:3.13.0:testCompile (default-testCompile) @ backend ---
[INFO] No sources to compile
[INFO] 
[INFO] <<< spring-boot:3.3.7:run (default-cli) < test-compile @ backend <<<
[INFO] 
[INFO] 
[INFO] --- spring-boot:3.3.7:run (default-cli) @ backend ---
[INFO] Attaching agents: []

  .   ____          _            __ _ _
 /\\ / ___'_ __ _ _(_)_ __  __ _ \ \ \ \
( ( )\___ | '_ | '_| | '_ \/ _` | \ \ \ \
 \\/  ___)| |_)| | | | | || (_| |  ) ) ) )
  '  |____| .__|_| |_|_| |_\__, | / / / /
 =========|_|==============|___/=/_/_/_/

 :: Spring Boot ::                (v3.3.7)

2026-06-23T23:33:14.890+07:00  INFO 27456 --- [ai-study-hub-backend] [           main] c.a.b.AiStudyHubBackendApplication       : Starting AiStudyHubBackendApplication using Java 21.0.4 with PID 27456 (C:\Users\ADMIN\Documents\SWP391\AI study hub\latest-main\backend\target\classes started by ADMIN in C:\Users\ADMIN\Documents\SWP391\AI study hub\latest-main\backend)
2026-06-23T23:33:14.892+07:00  INFO 27456 --- [ai-study-hub-backend] [           main] c.a.b.AiStudyHubBackendApplication       : No active profile set, falling back to 1 default profile: "default"
2026-06-23T23:33:15.473+07:00  INFO 27456 --- [ai-study-hub-backend] [           main] .s.d.r.c.RepositoryConfigurationDelegate : Bootstrapping Spring Data JPA repositories in DEFAULT mode.
2026-06-23T23:33:15.552+07:00  INFO 27456 --- [ai-study-hub-backend] [           main] .s.d.r.c.RepositoryConfigurationDelegate : Finished Spring Data repository scanning in 72 ms. Found 11 JPA repository interfaces.
2026-06-23T23:33:16.077+07:00  INFO 27456 --- [ai-study-hub-backend] [           main] o.s.b.w.embedded.tomcat.TomcatWebServer  : Tomcat initialized with port 8080 (http)
2026-06-23T23:33:16.091+07:00  INFO 27456 --- [ai-study-hub-backend] [           main] o.apache.catalina.core.StandardService   : Starting service [Tomcat]
2026-06-23T23:33:16.092+07:00  INFO 27456 --- [ai-study-hub-backend] [           main] o.apache.catalina.core.StandardEngine    : Starting Servlet engine: [Apache Tomcat/10.1.34]
2026-06-23T23:33:16.150+07:00  INFO 27456 --- [ai-study-hub-backend] [           main] o.a.c.c.C.[Tomcat].[localhost].[/]       : Initializing Spring embedded WebApplicationContext
2026-06-23T23:33:16.152+07:00  INFO 27456 --- [ai-study-hub-backend] [           main] w.s.c.ServletWebServerApplicationContext : Root WebApplicationContext: initialization completed in 1228 ms
2026-06-23T23:33:16.275+07:00  INFO 27456 --- [ai-study-hub-backend] [           main] com.zaxxer.hikari.HikariDataSource       : AIStudyHubPool - Starting...
2026-06-23T23:33:16.531+07:00  INFO 27456 --- [ai-study-hub-backend] [           main] com.zaxxer.hikari.pool.HikariPool        : AIStudyHubPool - Added connection ConnectionID:1 ClientConnectionId: 4c4f1319-f522-4771-b46d-27edefbb248c
2026-06-23T23:33:16.533+07:00  INFO 27456 --- [ai-study-hub-backend] [           main] com.zaxxer.hikari.HikariDataSource       : AIStudyHubPool - Start completed.
2026-06-23T23:33:16.606+07:00  INFO 27456 --- [ai-study-hub-backend] [           main] o.hibernate.jpa.internal.util.LogHelper  : HHH000204: Processing PersistenceUnitInfo [name: default]
2026-06-23T23:33:16.658+07:00  INFO 27456 --- [ai-study-hub-backend] [           main] org.hibernate.Version                    : HHH000412: Hibernate ORM core version 6.5.3.Final
2026-06-23T23:33:16.691+07:00  INFO 27456 --- [ai-study-hub-backend] [           main] o.h.c.internal.RegionFactoryInitiator    : HHH000026: Second-level cache disabled
2026-06-23T23:33:16.948+07:00  INFO 27456 --- [ai-study-hub-backend] [           main] o.s.o.j.p.SpringPersistenceUnitInfo      : No LoadTimeWeaver setup: ignoring JPA class transformer
2026-06-23T23:33:16.993+07:00  WARN 27456 --- [ai-study-hub-backend] [           main] org.hibernate.orm.deprecation            : HHH90000025: SQLServerDialect does not need to be specified explicitly using 'hibernate.dialect' (remove the property setting and it will be selected by default)
2026-06-23T23:33:18.065+07:00  INFO 27456 --- [ai-study-hub-backend] [           main] o.h.e.t.j.p.i.JtaPlatformInitiator       : HHH000489: No JTA platform available (set 'hibernate.transaction.jta.platform' to enable JTA platform integration)
2026-06-23T23:33:18.068+07:00  INFO 27456 --- [ai-study-hub-backend] [           main] j.LocalContainerEntityManagerFactoryBean : Initialized JPA EntityManagerFactory for persistence unit 'default'
2026-06-23T23:33:18.344+07:00  INFO 27456 --- [ai-study-hub-backend] [           main] o.s.d.j.r.query.QueryEnhancerFactory     : Hibernate is in classpath; If applicable, HQL parser will be used.
2026-06-23T23:33:19.570+07:00  WARN 27456 --- [ai-study-hub-backend] [           main] .s.s.UserDetailsServiceAutoConfiguration : 

Using generated security password: e963aa3f-92e0-4dbe-8780-79944d38d1bf

This generated password is for development use only. Your security configuration must be updated before running your application in production.

2026-06-23T23:33:19.578+07:00  INFO 27456 --- [ai-study-hub-backend] [           main] r$InitializeUserDetailsManagerConfigurer : Global AuthenticationManager configured with UserDetailsService bean with name inMemoryUserDetailsManager
2026-06-23T23:33:20.048+07:00  INFO 27456 --- [ai-study-hub-backend] [           main] o.s.b.w.embedded.tomcat.TomcatWebServer  : Tomcat started on port 8080 (http) with context path '/'
2026-06-23T23:33:20.056+07:00  INFO 27456 --- [ai-study-hub-backend] [           main] c.a.b.AiStudyHubBackendApplication       : Started AiStudyHubBackendApplication in 5.439 seconds (process running for 5.813)
2026-06-23T23:34:08.203+07:00  INFO 27456 --- [ai-study-hub-backend] [nio-8080-exec-1] o.a.c.c.C.[Tomcat].[localhost].[/]       : Initializing Spring DispatcherServlet 'dispatcherServlet'
2026-06-23T23:34:08.203+07:00  INFO 27456 --- [ai-study-hub-backend] [nio-8080-exec-1] o.s.web.servlet.DispatcherServlet        : Initializing Servlet 'dispatcherServlet'
2026-06-23T23:34:08.205+07:00  INFO 27456 --- [ai-study-hub-backend] [nio-8080-exec-1] o.s.web.servlet.DispatcherServlet        : Completed initialization in 1 ms
